../Core/Src/main.c:74:6:HAL_TIM_PeriodElapsedCallback	16	static
../Core/Src/main.c:107:6:HAL_GPIO_EXTI_Callback	16	static
../Core/Src/main.c:139:6:HAL_UART_TxCpltCallback	16	static
../Core/Src/main.c:149:5:main	8	static
../Core/Src/main.c:201:6:SystemClock_Config	128	static
../Core/Src/main.c:248:13:MX_TIM1_Init	112	static
../Core/Src/main.c:328:13:MX_TIM2_Init	40	static
../Core/Src/main.c:373:13:MX_TIM3_Init	40	static
../Core/Src/main.c:418:13:MX_TIM4_Init	40	static
../Core/Src/main.c:463:13:MX_TIM6_Init	24	static
../Core/Src/main.c:501:13:MX_UART4_Init	8	static
../Core/Src/main.c:536:13:MX_GPIO_Init	40	static
../Core/Src/main.c:598:6:Error_Handler	4	static,ignoring_inline_asm
