../Core/Src/main.c:73:6:map	24	static
../Core/Src/main.c:77:8:convertRotationToCoords	40	static
../Core/Src/main.c:88:8:convertDistanceToCoords	64	static
../Core/Src/main.c:99:6:HAL_UART_ErrorCallback	16	static
../Core/Src/main.c:103:6:HAL_UART_RxCpltCallback	16	static
../Core/Src/main.c:117:5:main	32	static
../Core/Src/main.c:176:6:SystemClock_Config	128	static
../Core/Src/main.c:223:13:MX_I2C1_Init	8	static
../Core/Src/main.c:271:13:MX_UART4_Init	8	static
../Core/Src/main.c:306:13:MX_GPIO_Init	48	static
../Core/Src/main.c:348:6:Error_Handler	4	static,ignoring_inline_asm
